+-------+------------+-------+
| count | sum_field2 |  sum  |
+-------+------------+-------+
| 18144 |     675864 | 81648 |
+-------+------------+-------+
