+-------+------------+-------+
| count | sum_field2 |  sum  |
+-------+------------+-------+
| 20500 |     763625 | 92250 |
+-------+------------+-------+
