+--------+---------------+---------+
| count  |  sum_field2   |   sum   |
+--------+---------------+---------+
| 489888 | 1.8248328e+07 | 2204496 |
+--------+---------------+---------+
