+-----+
| r.i |
+-----+
|   9 |
|   8 |
|   7 |
|   6 |
+-----+
