{+0001-01-01T00:00:00Z| 1 |}
{+0001-01-01T00:00:00Z| 2 |}
{+0001-01-01T00:00:00Z| 3 |}
{+0001-01-01T00:00:00Z| 4 |}
{+0001-01-01T00:00:00Z| 5 |}
{+0001-01-01T00:00:00Z| 6 |}
{+0001-01-01T00:00:00Z| 7 |}
{+0001-01-01T00:00:00Z| 8 |}
{+0001-01-01T00:00:00Z| 9 |}
