{"field1":"value","field4":"eulav","field5":24,"field6":null}
{"field1":"value","field4":null,"field5":"eulav","field6":"value"}
