col_0,col_1,col_2,col_3,col_4,col_5,col_6,hello,col_8
42,42.42,42.42424242424242,42,true,false,,test,5h32m42s
