{"union.id":0,"union.value":42}
{"union.id":0,"union.value":"42"}
{"union.id":0,"union.value":[42,"42"]}
