+-------+-------+-------+------------+------------+--------------+-------+-------+-------+-------+--------+--------+------------+--------+--------+--------+--------+-------------------+-------------------+--------+--------------------+--------------+--------------------+
| col_0 | col_1 | col_2 |   col_3    |   col_4    |    col_5     | col_6 | col_7 | col_8 | col_9 | col_10 | col_11 |   col_12   | col_13 | col_14 | col_15 | col_16 |      col_17       |      col_18       | col_19 |       col_20       |    col_21    |       col_22       |
+-------+-------+-------+------------+------------+--------------+-------+-------+-------+-------+--------+--------+------------+--------+--------+--------+--------+-------------------+-------------------+--------+--------------------+--------------+--------------------+
|     3 |     3 | 3s    | 1655931951 | 1655931950 | 'test1test2' |    -1 |    -2 |    -1 |    -2 | 2s     | -3s    | 1655931947 |     21 |     21 | 21s    | 21s    | 'test1test1test1' | 'test1test1test1' |      2 | 2.3333333333333335 | 2.333333333s | 2.3333333333333335 |
+-------+-------+-------+------------+------------+--------------+-------+-------+-------+-------+--------+--------+------------+--------+--------+--------+--------+-------------------+-------------------+--------+--------------------+--------------+--------------------+
