+-------+-------+
| col_0 | col_1 |
+-------+-------+
|     1 |     0 |
+-------+-------+
