+-------+-------+-------+-------+
| col_0 | col_1 | col_2 | col_3 |
+-------+-------+-------+-------+
| true  | false | false | true  |
+-------+-------+-------+-------+
