+-------+-------+-------+-------+-------+-------+-------+-------+-------+-------+--------+--------+--------+--------+
| col_0 | col_1 | col_2 | col_3 | col_4 | col_5 | col_6 | col_7 | col_8 | col_9 | col_10 | col_11 | col_12 | col_13 |
+-------+-------+-------+-------+-------+-------+-------+-------+-------+-------+--------+--------+--------+--------+
| true  | false | false | true  | false | false | true  | true  | false | true  | true   | <null> | <null> | false  |
+-------+-------+-------+-------+-------+-------+-------+-------+-------+-------+--------+--------+--------+--------+
