+-------+-------+-------+-------+-------+-------+-------+-------+-------+-------+--------------------+--------+--------+
| col_0 | col_1 | col_2 | col_3 | col_4 | col_5 | col_6 | col_7 | col_8 | col_9 |       col_10       | col_11 | col_12 |
+-------+-------+-------+-------+-------+-------+-------+-------+-------+-------+--------------------+--------+--------+
|    42 |    42 |    42 |    42 |     7 |    42 |    43 |    42 |    42 |     3 | 2.1972245773362196 |      2 |      8 |
+-------+-------+-------+-------+-------+-------+-------+-------+-------+-------+--------------------+--------+--------+
