{+0001-01-01T00:00:00Z| 1, 0, <null>, <null>, 0 |}
