+--------+-------+-------+-------+-------+-------+-------+--------+-------+-------+--------+--------+--------+--------+--------+--------+--------+--------+--------+--------+--------+--------+--------+--------+--------+--------+--------+--------+--------+--------+--------+--------+--------+--------+---------+---------+--------+--------+--------+--------+---------+
| line_1 | col_1 | col_2 | col_3 | col_4 | col_5 | col_6 | line_2 | col_8 | col_9 | col_10 | col_11 | line_3 | col_13 | col_14 | col_15 | col_16 | line_4 | col_18 | col_19 | col_20 | col_21 | line_5 | col_23 | col_24 | col_25 | col_26 | line_6 | col_28 | line_7 | col_30 | line_8 | line_9 | col_33 | line_10 | line_11 | col_36 | col_37 | col_38 | col_39 | line_12 |
+--------+-------+-------+-------+-------+-------+-------+--------+-------+-------+--------+--------+--------+--------+--------+--------+--------+--------+--------+--------+--------+--------+--------+--------+--------+--------+--------+--------+--------+--------+--------+--------+--------+--------+---------+---------+--------+--------+--------+--------+---------+
| true   | false | true  | true  | false | true  | false | true   | false | true  | true   | false  | false  | true   | false  | false  | true   | true   | true   | true   | true   | false  | false  | false  | false  | false  | true   | 'TEST' | 'TEST' | 'test' | 'test' | 'tset' | 'est'  | 'es'   | 'tESSt' |       1 |      0 | <null> | <null> |      0 |       4 |
+--------+-------+-------+-------+-------+-------+-------+--------+-------+-------+--------+--------+--------+--------+--------+--------+--------+--------+--------+--------+--------+--------+--------+--------+--------+--------+--------+--------+--------+--------+--------+--------+--------+--------+---------+---------+--------+--------+--------+--------+---------+
